Додаємо 1/2 до списку
Помилка: Неприпустиме значення для операції з Rational
Поточний список: 1/2
